c:\nxp\gui-guider-projects\plant\sdk\core\lvgl\lvgl\src\misc\lv_area.h:110:20:lv_area_copy	16	static
c:\nxp\gui-guider-projects\plant\sdk\core\lvgl\lvgl\src\misc\lv_area.h:133:26:lv_area_get_height	16	static
c:\nxp\gui-guider-projects\plant\sdk\core\lvgl\lvgl\src\misc\lv_area.h:284:26:lv_pct	16	static
c:\nxp\gui-guider-projects\plant\sdk\core\lvgl\lvgl\src\font\lv_font.h:121:26:lv_font_get_line_height	16	static
c:\nxp\gui-guider-projects\plant\sdk\core\lvgl\lvgl\src\core\lv_obj_style_gen.h:55:26:lv_obj_get_style_transform_width	24	static
c:\nxp\gui-guider-projects\plant\sdk\core\lvgl\lvgl\src\core\lv_obj_style_gen.h:61:26:lv_obj_get_style_transform_height	24	static
c:\nxp\gui-guider-projects\plant\sdk\core\lvgl\lvgl\src\core\lv_obj_style_gen.h:91:26:lv_obj_get_style_pad_top	24	static
c:\nxp\gui-guider-projects\plant\sdk\core\lvgl\lvgl\src\core\lv_obj_style_gen.h:97:26:lv_obj_get_style_pad_bottom	24	static
c:\nxp\gui-guider-projects\plant\sdk\core\lvgl\lvgl\src\core\lv_obj_style_gen.h:103:26:lv_obj_get_style_pad_left	24	static
c:\nxp\gui-guider-projects\plant\sdk\core\lvgl\lvgl\src\core\lv_obj_style_gen.h:109:26:lv_obj_get_style_pad_right	24	static
c:\nxp\gui-guider-projects\plant\sdk\core\lvgl\lvgl\src\core\lv_obj_style_gen.h:121:26:lv_obj_get_style_pad_column	24	static
c:\nxp\gui-guider-projects\plant\sdk\core\lvgl\lvgl\src\core\lv_obj_style_gen.h:241:26:lv_obj_get_style_border_width	24	static
c:\nxp\gui-guider-projects\plant\sdk\core\lvgl\lvgl\src\core\lv_obj_style_gen.h:451:33:lv_obj_get_style_text_font	24	static
c:\nxp\gui-guider-projects\plant\sdk\core\lvgl\lvgl\src\core\lv_obj_style_gen.h:457:26:lv_obj_get_style_text_letter_space	24	static
c:\nxp\gui-guider-projects\plant\sdk\core\lvgl\lvgl\src\core\lv_obj_style_gen.h:463:26:lv_obj_get_style_text_line_space	24	static
C:/NXP/GUI-Guider-Projects/plant/sdk/Core/lvgl/lvgl/src/extra/widgets/radiobtn/lv_radiobtn.c:69:12:lv_radiobtn_create	32	static
C:/NXP/GUI-Guider-Projects/plant/sdk/Core/lvgl/lvgl/src/extra/widgets/radiobtn/lv_radiobtn.c:83:12:lv_radiobtn_create_item	24	static
C:/NXP/GUI-Guider-Projects/plant/sdk/Core/lvgl/lvgl/src/extra/widgets/radiobtn/lv_radiobtn.c:91:12:lv_radiobtn_add_item	24	static
C:/NXP/GUI-Guider-Projects/plant/sdk/Core/lvgl/lvgl/src/extra/widgets/radiobtn/lv_radiobtn.c:109:6:lv_radiobtn_set_item_text	24	static
C:/NXP/GUI-Guider-Projects/plant/sdk/Core/lvgl/lvgl/src/extra/widgets/radiobtn/lv_radiobtn.c:133:6:lv_radiobtn_set_item_text_static	24	static
C:/NXP/GUI-Guider-Projects/plant/sdk/Core/lvgl/lvgl/src/extra/widgets/radiobtn/lv_radiobtn.c:149:12:lv_radiobtn_get_button	24	static
C:/NXP/GUI-Guider-Projects/plant/sdk/Core/lvgl/lvgl/src/extra/widgets/radiobtn/lv_radiobtn.c:156:14:lv_radiobtn_get_item_text	24	static
C:/NXP/GUI-Guider-Projects/plant/sdk/Core/lvgl/lvgl/src/extra/widgets/radiobtn/lv_radiobtn.c:167:13:lv_radiobtn_item_constructor	24	static
C:/NXP/GUI-Guider-Projects/plant/sdk/Core/lvgl/lvgl/src/extra/widgets/radiobtn/lv_radiobtn.c:183:13:lv_radiobtn_item_destructor	24	static
C:/NXP/GUI-Guider-Projects/plant/sdk/Core/lvgl/lvgl/src/extra/widgets/radiobtn/lv_radiobtn.c:196:13:lv_radiobtn_item_event	88	static
C:/NXP/GUI-Guider-Projects/plant/sdk/Core/lvgl/lvgl/src/extra/widgets/radiobtn/lv_radiobtn.c:242:13:lv_radiobtn_item_draw	264	static
C:/NXP/GUI-Guider-Projects/plant/sdk/Core/lvgl/lvgl/src/extra/widgets/radiobtn/lv_radiobtn.c:312:13:radiobtn_event_handler	32	static
