c:\nxp\gui-guider-projects\plant\sdk\core\lvgl\lvgl\src\misc\lv_color.h:592:26:lv_color_make	16	static
C:\NXP\GUI-Guider-Projects\plant\sdk\Core\lvgl\lvgl/src/core/lv_disp.h:162:26:lv_scr_act	8	static
C:\NXP\GUI-Guider-Projects\plant\sdk\Core\lvgl\lvgl/src/widgets/lv_slider.h:84:20:lv_slider_set_value	24	static
C:\NXP\GUI-Guider-Projects\plant\sdk\Core\lvgl\lvgl/src/widgets/lv_slider.h:130:23:lv_slider_get_value	16	static
C:/NXP/GUI-Guider-Projects/plant/generated/events_init.c:12:6:events_init	16	static
C:/NXP/GUI-Guider-Projects/plant/generated/events_init.c:16:13:screen_btn_1_event_handler	32	static
C:/NXP/GUI-Guider-Projects/plant/generated/events_init.c:39:6:events_init_screen	16	static
C:/NXP/GUI-Guider-Projects/plant/generated/events_init.c:44:13:screen_1_label_3_event_handler	40	static
C:/NXP/GUI-Guider-Projects/plant/generated/events_init.c:77:13:screen_1_btn_1_event_handler	32	static
C:/NXP/GUI-Guider-Projects/plant/generated/events_init.c:99:13:screen_1_btn_2_event_handler	32	static
C:/NXP/GUI-Guider-Projects/plant/generated/events_init.c:121:13:screen_1_slider_1_event_handler	24	static
C:/NXP/GUI-Guider-Projects/plant/generated/events_init.c:140:13:screen_1_sw_1_event_handler	40	static
C:/NXP/GUI-Guider-Projects/plant/generated/events_init.c:177:6:events_init_screen_1	16	static
C:/NXP/GUI-Guider-Projects/plant/generated/events_init.c:186:13:screen_2_btn_1_event_handler	32	static
C:/NXP/GUI-Guider-Projects/plant/generated/events_init.c:208:13:screen_2_btn_2_event_handler	32	static
C:/NXP/GUI-Guider-Projects/plant/generated/events_init.c:230:13:screen_2_slider_1_event_handler	24	static
C:/NXP/GUI-Guider-Projects/plant/generated/events_init.c:251:13:screen_2_sw_1_event_handler	40	static
C:/NXP/GUI-Guider-Projects/plant/generated/events_init.c:286:13:screen_2_label_6_event_handler	40	static
C:/NXP/GUI-Guider-Projects/plant/generated/events_init.c:319:13:screen_2_label_7_event_handler	40	static
C:/NXP/GUI-Guider-Projects/plant/generated/events_init.c:352:6:events_init_screen_2	16	static
C:/NXP/GUI-Guider-Projects/plant/generated/events_init.c:362:13:screen_3_btn_1_event_handler	32	static
C:/NXP/GUI-Guider-Projects/plant/generated/events_init.c:384:13:screen_3_slider_1_event_handler	24	static
C:/NXP/GUI-Guider-Projects/plant/generated/events_init.c:405:13:screen_3_sw_1_event_handler	40	static
C:/NXP/GUI-Guider-Projects/plant/generated/events_init.c:440:13:screen_3_label_6_event_handler	40	static
C:/NXP/GUI-Guider-Projects/plant/generated/events_init.c:473:13:screen_3_label_7_event_handler	40	static
C:/NXP/GUI-Guider-Projects/plant/generated/events_init.c:506:6:events_init_screen_3	16	static
