c:\nxp\gui-guider-projects\plant\sdk\core\lvgl\lvgl\src\misc\lv_color.h:379:24:lv_color_to32	24	static
c:\nxp\gui-guider-projects\plant\sdk\core\lvgl\lvgl\src\misc\lv_color.h:443:48:lv_color_mix	32	static
c:\nxp\gui-guider-projects\plant\sdk\core\lvgl\lvgl\src\misc\lv_color.h:528:42:lv_color_mix_with_alpha	24	static
c:\nxp\gui-guider-projects\plant\sdk\core\lvgl\lvgl\src\misc\lv_color.h:584:23:lv_color_brightness	24	static
c:\nxp\gui-guider-projects\plant\sdk\core\lvgl\lvgl\src\misc\lv_color.h:592:26:lv_color_make	16	static
c:\nxp\gui-guider-projects\plant\sdk\core\lvgl\lvgl\src\misc\lv_color.h:597:26:lv_color_hex	24	static
c:\nxp\gui-guider-projects\plant\sdk\core\lvgl\lvgl\src\misc\lv_color.h:693:26:lv_color_white	8	static
c:\nxp\gui-guider-projects\plant\sdk\core\lvgl\lvgl\src\misc\lv_color.h:697:26:lv_color_black	8	static
c:\nxp\gui-guider-projects\plant\sdk\core\lvgl\lvgl\src\core\lv_obj_style.h:92:20:lv_obj_remove_style_all	16	static
C:/NXP/GUI-Guider-Projects/plant/sdk/Core/lvgl/lvgl/src/hal/lv_hal_disp.c:82:6:lv_disp_drv_init	24	static
C:/NXP/GUI-Guider-Projects/plant/sdk/Core/lvgl/lvgl/src/hal/lv_hal_disp.c:133:6:lv_disp_draw_buf_init	24	static
C:/NXP/GUI-Guider-Projects/plant/sdk/Core/lvgl/lvgl/src/hal/lv_hal_disp.c:149:13:lv_disp_drv_register	48	static
C:/NXP/GUI-Guider-Projects/plant/sdk/Core/lvgl/lvgl/src/hal/lv_hal_disp.c:229:6:lv_disp_drv_update	32	static
C:/NXP/GUI-Guider-Projects/plant/sdk/Core/lvgl/lvgl/src/hal/lv_hal_disp.c:270:6:lv_disp_remove	24	static
C:/NXP/GUI-Guider-Projects/plant/sdk/Core/lvgl/lvgl/src/hal/lv_hal_disp.c:310:6:lv_disp_set_default	16	static
C:/NXP/GUI-Guider-Projects/plant/sdk/Core/lvgl/lvgl/src/hal/lv_hal_disp.c:319:13:lv_disp_get_default	4	static
C:/NXP/GUI-Guider-Projects/plant/sdk/Core/lvgl/lvgl/src/hal/lv_hal_disp.c:329:12:lv_disp_get_hor_res	16	static
C:/NXP/GUI-Guider-Projects/plant/sdk/Core/lvgl/lvgl/src/hal/lv_hal_disp.c:352:12:lv_disp_get_ver_res	16	static
C:/NXP/GUI-Guider-Projects/plant/sdk/Core/lvgl/lvgl/src/hal/lv_hal_disp.c:375:12:lv_disp_get_physical_hor_res	16	static
C:/NXP/GUI-Guider-Projects/plant/sdk/Core/lvgl/lvgl/src/hal/lv_hal_disp.c:398:12:lv_disp_get_physical_ver_res	16	static
C:/NXP/GUI-Guider-Projects/plant/sdk/Core/lvgl/lvgl/src/hal/lv_hal_disp.c:421:12:lv_disp_get_offset_x	16	static
C:/NXP/GUI-Guider-Projects/plant/sdk/Core/lvgl/lvgl/src/hal/lv_hal_disp.c:447:12:lv_disp_get_offset_y	16	static
C:/NXP/GUI-Guider-Projects/plant/sdk/Core/lvgl/lvgl/src/hal/lv_hal_disp.c:473:6:lv_disp_get_antialiasing	16	static
C:/NXP/GUI-Guider-Projects/plant/sdk/Core/lvgl/lvgl/src/hal/lv_hal_disp.c:486:12:lv_disp_get_dpi	16	static
C:/NXP/GUI-Guider-Projects/plant/sdk/Core/lvgl/lvgl/src/hal/lv_hal_disp.c:497:31:lv_disp_flush_ready	16	static
C:/NXP/GUI-Guider-Projects/plant/sdk/Core/lvgl/lvgl/src/hal/lv_hal_disp.c:521:31:lv_disp_flush_is_last	16	static
C:/NXP/GUI-Guider-Projects/plant/sdk/Core/lvgl/lvgl/src/hal/lv_hal_disp.c:531:13:lv_disp_get_next	16	static
C:/NXP/GUI-Guider-Projects/plant/sdk/Core/lvgl/lvgl/src/hal/lv_hal_disp.c:544:22:lv_disp_get_draw_buf	16	static
C:/NXP/GUI-Guider-Projects/plant/sdk/Core/lvgl/lvgl/src/hal/lv_hal_disp.c:554:6:lv_disp_set_rotation	16	static
C:/NXP/GUI-Guider-Projects/plant/sdk/Core/lvgl/lvgl/src/hal/lv_hal_disp.c:568:15:lv_disp_get_rotation	16	static
C:/NXP/GUI-Guider-Projects/plant/sdk/Core/lvgl/lvgl/src/hal/lv_hal_disp.c:575:6:lv_disp_drv_use_generic_set_px_cb	16	static
C:/NXP/GUI-Guider-Projects/plant/sdk/Core/lvgl/lvgl/src/hal/lv_hal_disp.c:602:31:invalidate_layout_cb	16	static
C:/NXP/GUI-Guider-Projects/plant/sdk/Core/lvgl/lvgl/src/hal/lv_hal_disp.c:609:13:set_px_cb_alpha1	48	static
C:/NXP/GUI-Guider-Projects/plant/sdk/Core/lvgl/lvgl/src/hal/lv_hal_disp.c:623:13:set_px_cb_alpha2	48	static
C:/NXP/GUI-Guider-Projects/plant/sdk/Core/lvgl/lvgl/src/hal/lv_hal_disp.c:637:13:set_px_cb_alpha4	48	static
C:/NXP/GUI-Guider-Projects/plant/sdk/Core/lvgl/lvgl/src/hal/lv_hal_disp.c:651:13:set_px_cb_alpha8	48	static
C:/NXP/GUI-Guider-Projects/plant/sdk/Core/lvgl/lvgl/src/hal/lv_hal_disp.c:665:13:set_px_alpha_generic	32	static
C:/NXP/GUI-Guider-Projects/plant/sdk/Core/lvgl/lvgl/src/hal/lv_hal_disp.c:679:13:set_px_true_color_alpha	56	static
