c:\nxp\gui-guider-projects\plant\sdk\core\lvgl\lvgl\src\misc\lv_color.h:597:26:lv_color_hex	24	static
c:\nxp\gui-guider-projects\plant\sdk\core\lvgl\lvgl\src\core\lv_obj_style.h:92:20:lv_obj_remove_style_all	16	static
c:\nxp\gui-guider-projects\plant\sdk\core\lvgl\lvgl\src\core\lv_obj_style.h:197:20:lv_obj_set_style_pad_all	24	static
C:/NXP/GUI-Guider-Projects/plant/sdk/Core/lvgl/lvgl/src/extra/widgets/keyboard/lv_zh_keyboard.c:189:12:lv_zh_keyboard_create	24	static
C:/NXP/GUI-Guider-Projects/plant/sdk/Core/lvgl/lvgl/src/extra/widgets/keyboard/lv_zh_keyboard.c:216:6:lv_zh_keyboard_set_textarea	24	static
C:/NXP/GUI-Guider-Projects/plant/sdk/Core/lvgl/lvgl/src/extra/widgets/keyboard/lv_zh_keyboard.c:252:6:lv_zh_keyboard_set_mode	24	static
C:/NXP/GUI-Guider-Projects/plant/sdk/Core/lvgl/lvgl/src/extra/widgets/keyboard/lv_zh_keyboard.c:269:6:lv_zh_keyboard_set_popovers	24	static
C:/NXP/GUI-Guider-Projects/plant/sdk/Core/lvgl/lvgl/src/extra/widgets/keyboard/lv_zh_keyboard.c:288:6:lv_zh_keyboard_set_map	24	static
C:/NXP/GUI-Guider-Projects/plant/sdk/Core/lvgl/lvgl/src/extra/widgets/keyboard/lv_zh_keyboard.c:305:12:lv_zh_keyboard_get_textarea	24	static
C:/NXP/GUI-Guider-Projects/plant/sdk/Core/lvgl/lvgl/src/extra/widgets/keyboard/lv_zh_keyboard.c:317:23:lv_zh_keyboard_get_mode	24	static
C:/NXP/GUI-Guider-Projects/plant/sdk/Core/lvgl/lvgl/src/extra/widgets/keyboard/lv_zh_keyboard.c:329:6:lv_zh_btnmatrix_get_popovers	24	static
C:/NXP/GUI-Guider-Projects/plant/sdk/Core/lvgl/lvgl/src/extra/widgets/keyboard/lv_zh_keyboard.c:345:6:lv_zh_keyboard_def_event_cb	64	static
C:/NXP/GUI-Guider-Projects/plant/sdk/Core/lvgl/lvgl/src/extra/widgets/keyboard/lv_zh_keyboard.c:489:8:get_chinese	32	static
C:/NXP/GUI-Guider-Projects/plant/sdk/Core/lvgl/lvgl/src/extra/widgets/keyboard/lv_zh_keyboard.c:518:13:switch_input_type	16	static
C:/NXP/GUI-Guider-Projects/plant/sdk/Core/lvgl/lvgl/src/extra/widgets/keyboard/lv_zh_keyboard.c:529:13:font_click_event_cb	40	static
C:/NXP/GUI-Guider-Projects/plant/sdk/Core/lvgl/lvgl/src/extra/widgets/keyboard/lv_zh_keyboard.c:554:13:expand_retract_click_cb	16	static
C:/NXP/GUI-Guider-Projects/plant/sdk/Core/lvgl/lvgl/src/extra/widgets/keyboard/lv_zh_keyboard.c:560:13:set_selection_box	24	static
C:/NXP/GUI-Guider-Projects/plant/sdk/Core/lvgl/lvgl/src/extra/widgets/keyboard/lv_zh_keyboard.c:587:13:show_chinese	520	static
C:/NXP/GUI-Guider-Projects/plant/sdk/Core/lvgl/lvgl/src/extra/widgets/keyboard/lv_zh_keyboard.c:607:13:init_selection_box	32	static
C:/NXP/GUI-Guider-Projects/plant/sdk/Core/lvgl/lvgl/src/extra/widgets/keyboard/lv_zh_keyboard.c:660:13:lv_zh_keyboard_constructor	24	static
C:/NXP/GUI-Guider-Projects/plant/sdk/Core/lvgl/lvgl/src/extra/widgets/keyboard/lv_zh_keyboard.c:690:13:lv_zh_keyboard_update_map	24	static
C:/NXP/GUI-Guider-Projects/plant/sdk/Core/lvgl/lvgl/src/extra/widgets/keyboard/lv_zh_keyboard.c:707:13:lv_zh_keyboard_update_ctrl_map	32	static
