c:\nxp\gui-guider-projects\plant\sdk\core\lvgl\lvgl\src\misc\lv_color.h:592:26:lv_color_make	16	static
c:\nxp\gui-guider-projects\plant\sdk\core\lvgl\lvgl\src\misc\lv_color.h:697:26:lv_color_black	8	static
C:/NXP/GUI-Guider-Projects/plant/sdk/Core/lvgl/lvgl/src/draw/lv_draw_arc.c:36:6:lv_draw_arc_dsc_init	24	static
C:/NXP/GUI-Guider-Projects/plant/sdk/Core/lvgl/lvgl/src/draw/lv_draw_arc.c:44:6:lv_draw_arc	40	static
C:/NXP/GUI-Guider-Projects/plant/sdk/Core/lvgl/lvgl/src/draw/lv_draw_arc.c:57:6:lv_draw_arc_get_area	32	static
