C:\NXP\GUI-Guider-Projects\plant\sdk\Core\CMSIS/core_cm7.h:1911:22:__NVIC_EnableIRQ	16	static
C:\NXP\GUI-Guider-Projects\plant\sdk\Core\CMSIS/core_cm7.h:2041:22:__NVIC_SetPriority	16	static
C:\NXP\GUI-Guider-Projects\plant\sdk\Core\drivers/fsl_clock.h:1408:20:CLOCK_SetMux	24	static
C:\NXP\GUI-Guider-Projects\plant\sdk\Core\drivers/fsl_clock.h:1460:20:CLOCK_SetDiv	24	static
C:\NXP\GUI-Guider-Projects\plant\sdk\Core\drivers/fsl_elcdif.h:373:20:ELCDIF_RgbModeStart	16	static
C:\NXP\GUI-Guider-Projects\plant\sdk\Core\drivers/fsl_elcdif.h:391:20:ELCDIF_SetNextBufferAddr	16	static
C:\NXP\GUI-Guider-Projects\plant\sdk\Core\drivers/fsl_elcdif.h:540:20:ELCDIF_EnableInterrupts	16	static
C:\NXP\GUI-Guider-Projects\plant\sdk\Core\drivers/fsl_elcdif.h:568:24:ELCDIF_GetInterruptStatus	24	static
C:\NXP\GUI-Guider-Projects\plant\sdk\Core\drivers/fsl_elcdif.h:586:20:ELCDIF_ClearInterruptStatus	16	static
C:/NXP/GUI-Guider-Projects/plant/sdk/Core/board/lvgl_support.c:156:6:lv_port_pre_init	4	static
C:/NXP/GUI-Guider-Projects/plant/sdk/Core/board/lvgl_support.c:160:6:lv_port_disp_init	8	static
C:/NXP/GUI-Guider-Projects/plant/sdk/Core/board/lvgl_support.c:201:6:LCDIF_IRQHandler	16	static
C:/NXP/GUI-Guider-Projects/plant/sdk/Core/board/lvgl_support.c:227:13:DEMO_InitLcdClock	24	static
C:/NXP/GUI-Guider-Projects/plant/sdk/Core/board/lvgl_support.c:263:13:DEMO_InitLcdBackLight	16	static
C:/NXP/GUI-Guider-Projects/plant/sdk/Core/board/lvgl_support.c:275:13:DEMO_InitLcd	40	static
C:/NXP/GUI-Guider-Projects/plant/sdk/Core/board/lvgl_support.c:324:13:DEMO_CleanInvalidateCache	32	static
C:/NXP/GUI-Guider-Projects/plant/sdk/Core/board/lvgl_support.c:330:13:DEMO_FlushDisplay	24	static
C:/NXP/GUI-Guider-Projects/plant/sdk/Core/board/lvgl_support.c:361:6:lv_port_indev_init	8	static
C:/NXP/GUI-Guider-Projects/plant/sdk/Core/board/lvgl_support.c:380:13:BOARD_PullTouchResetPin	16	static
C:/NXP/GUI-Guider-Projects/plant/sdk/Core/board/lvgl_support.c:392:13:BOARD_ConfigTouchIntPin	16	static
C:/NXP/GUI-Guider-Projects/plant/sdk/Core/board/lvgl_support.c:414:13:DEMO_InitTouch	16	static
C:/NXP/GUI-Guider-Projects/plant/sdk/Core/board/lvgl_support.c:441:13:DEMO_ReadTouch	16	static
