C:\NXP\GUI-Guider-Projects\plant\sdk\Core\drivers/fsl_common_arm.h:210:20:_SDK_AtomicLocalClearAndSet4Byte	48	static
C:\NXP\GUI-Guider-Projects\plant\sdk\Core\drivers/fsl_clock.h:1496:20:CLOCK_ControlGate	32	static
C:\NXP\GUI-Guider-Projects\plant\sdk\Core\drivers/fsl_clock.h:1513:20:CLOCK_EnableClock	16	static
C:\NXP\GUI-Guider-Projects\plant\sdk\Core\drivers/fsl_iomuxc.h:1225:20:IOMUXC_SetPinMux	24	static
C:\NXP\GUI-Guider-Projects\plant\sdk\Core\drivers/fsl_iomuxc.h:1257:20:IOMUXC_SetPinConfig	24	static
C:/NXP/GUI-Guider-Projects/plant/sdk/Core/board/pin_mux.c:35:6:BOARD_InitBootPins	8	static
C:/NXP/GUI-Guider-Projects/plant/sdk/Core/board/pin_mux.c:103:6:BOARD_InitPins	16	static
C:/NXP/GUI-Guider-Projects/plant/sdk/Core/board/pin_mux.c:259:6:BOARD_InitSemcPins	16	static
C:/NXP/GUI-Guider-Projects/plant/sdk/Core/board/pin_mux.c:361:6:BOARD_InitI2C1Pins	16	static
