c:\nxp\gui-guider-projects\plant\sdk\core\lvgl\lvgl\src\misc\lv_area.h:284:26:lv_pct	16	static
c:\nxp\gui-guider-projects\plant\sdk\core\lvgl\lvgl\src\misc\lv_color.h:443:48:lv_color_mix	32	static
c:\nxp\gui-guider-projects\plant\sdk\core\lvgl\lvgl\src\misc\lv_color.h:592:26:lv_color_make	16	static
c:\nxp\gui-guider-projects\plant\sdk\core\lvgl\lvgl\src\misc\lv_color.h:597:26:lv_color_hex	24	static
c:\nxp\gui-guider-projects\plant\sdk\core\lvgl\lvgl\src\misc\lv_color.h:637:20:lv_color_filter_dsc_init	16	static
c:\nxp\gui-guider-projects\plant\sdk\core\lvgl\lvgl\src\misc\lv_color.h:693:26:lv_color_white	8	static
c:\nxp\gui-guider-projects\plant\sdk\core\lvgl\lvgl\src\misc\lv_style.h:470:20:lv_style_set_size	16	static
c:\nxp\gui-guider-projects\plant\sdk\core\lvgl\lvgl\src\misc\lv_style.h:476:20:lv_style_set_pad_all	16	static
c:\nxp\gui-guider-projects\plant\sdk\core\lvgl\lvgl\src\misc\lv_style.h:484:20:lv_style_set_pad_hor	16	static
c:\nxp\gui-guider-projects\plant\sdk\core\lvgl\lvgl\src\misc\lv_style.h:490:20:lv_style_set_pad_ver	16	static
c:\nxp\gui-guider-projects\plant\sdk\core\lvgl\lvgl\src\misc\lv_style.h:496:20:lv_style_set_pad_gap	16	static
c:\nxp\gui-guider-projects\plant\sdk\core\lvgl\lvgl\src/core/lv_disp.h:235:26:lv_disp_dpx	16	static
C:/NXP/GUI-Guider-Projects/plant/sdk/Core/lvgl/lvgl/src/extra/themes/default/lv_theme_default.c:200:19:dark_color_filter_cb	16	static
C:/NXP/GUI-Guider-Projects/plant/sdk/Core/lvgl/lvgl/src/extra/themes/default/lv_theme_default.c:206:19:grey_filter_cb	16	static
C:/NXP/GUI-Guider-Projects/plant/sdk/Core/lvgl/lvgl/src/extra/themes/default/lv_theme_default.c:213:13:style_init	24	static
C:/NXP/GUI-Guider-Projects/plant/sdk/Core/lvgl/lvgl/src/extra/themes/default/lv_theme_default.c:677:14:lv_theme_default_init	24	static
C:/NXP/GUI-Guider-Projects/plant/sdk/Core/lvgl/lvgl/src/extra/themes/default/lv_theme_default.c:712:14:lv_theme_default_get	8	static
C:/NXP/GUI-Guider-Projects/plant/sdk/Core/lvgl/lvgl/src/extra/themes/default/lv_theme_default.c:721:6:lv_theme_default_is_inited	4	static
C:/NXP/GUI-Guider-Projects/plant/sdk/Core/lvgl/lvgl/src/extra/themes/default/lv_theme_default.c:727:13:theme_apply	24	static
C:/NXP/GUI-Guider-Projects/plant/sdk/Core/lvgl/lvgl/src/extra/themes/default/lv_theme_default.c:1238:13:style_init_reset	16	static
